== npm install iniciado 16:47:18Z ==
npm warn deprecated prebuild-install@7.1.3: No longer maintained. Please contact the author of the relevant native addon; alternatives are available.
npm warn deprecated boolean@3.2.0: Package no longer supported. Contact Support at https://www.npmjs.com/support for more info.
npm warn deprecated node-domexception@1.0.0: Use your platform's native DOMException instead
npm warn deprecated glob@11.1.0: Old versions of glob are not supported, and contain widely publicized security vulnerabilities, which have been fixed in the current version. Please update. Support for old versions may be purchased (at exorbitant rates) by contacting i@izs.me
npm warn deprecated glob@10.5.0: Old versions of glob are not supported, and contain widely publicized security vulnerabilities, which have been fixed in the current version. Please update. Support for old versions may be purchased (at exorbitant rates) by contacting i@izs.me
npm warn deprecated glob@10.5.0: Old versions of glob are not supported, and contain widely publicized security vulnerabilities, which have been fixed in the current version. Please update. Support for old versions may be purchased (at exorbitant rates) by contacting i@izs.me
npm warn cleanup Failed to remove some directories [
npm warn cleanup   [
npm warn cleanup     '\\\\?\\C:\\Users\\zodyp\\Downloads\\OmniRoute-Unified\\repos\\OmniRoute\\node_modules\\@playwright\\browser-chromium',
npm warn cleanup     [Error: EBUSY: resource busy or locked, rmdir 'C:\Users\zodyp\Downloads\OmniRoute-Unified\repos\OmniRoute\node_modules\@playwright\browser-chromium'] {
npm warn cleanup       errno: -4082,
npm warn cleanup       code: 'EBUSY',
npm warn cleanup       syscall: 'rmdir',
npm warn cleanup       path: 'C:\\Users\\zodyp\\Downloads\\OmniRoute-Unified\\repos\\OmniRoute\\node_modules\\@playwright\\browser-chromium'
npm warn cleanup     }
npm warn cleanup   ],
npm warn cleanup   [
npm warn cleanup     'C:\\Users\\zodyp\\Downloads\\OmniRoute-Unified\\repos\\OmniRoute\\node_modules\\@playwright\\browser-chromium',
npm warn cleanup     [Error: EBUSY: resource busy or locked, rmdir 'C:\Users\zodyp\Downloads\OmniRoute-Unified\repos\OmniRoute\node_modules\@playwright\browser-chromium'] {
npm warn cleanup       errno: -4082,
npm warn cleanup       code: 'EBUSY',
npm warn cleanup       syscall: 'rmdir',
npm warn cleanup       path: 'C:\\Users\\zodyp\\Downloads\\OmniRoute-Unified\\repos\\OmniRoute\\node_modules\\@playwright\\browser-chromium'
npm warn cleanup     }
npm warn cleanup   ],
npm warn cleanup   [
npm warn cleanup     '\\\\?\\C:\\Users\\zodyp\\Downloads\\OmniRoute-Unified\\repos\\OmniRoute\\node_modules\\next',
npm warn cleanup     [Error: EPERM: operation not permitted, rmdir 'C:\Users\zodyp\Downloads\OmniRoute-Unified\repos\OmniRoute\node_modules\next\dist\experimental\testmode\proxy'] {
npm warn cleanup       errno: -4048,
npm warn cleanup       code: 'EPERM',
npm warn cleanup       syscall: 'rmdir',
npm warn cleanup       path: 'C:\\Users\\zodyp\\Downloads\\OmniRoute-Unified\\repos\\OmniRoute\\node_modules\\next\\dist\\experimental\\testmode\\proxy'
npm warn cleanup     }
npm warn cleanup   ],
npm warn cleanup   [
npm warn cleanup     '\\\\?\\C:\\Users\\zodyp\\Downloads\\OmniRoute-Unified\\repos\\OmniRoute\\node_modules\\next-intl',
npm warn cleanup     [Error: EPERM: operation not permitted, rmdir 'C:\Users\zodyp\Downloads\OmniRoute-Unified\repos\OmniRoute\node_modules\next-intl\dist\esm\production\shared'] {
npm warn cleanup       errno: -4048,
npm warn cleanup       code: 'EPERM',
npm warn cleanup       syscall: 'rmdir',
npm warn cleanup       path: 'C:\\Users\\zodyp\\Downloads\\OmniRoute-Unified\\repos\\OmniRoute\\node_modules\\next-intl\\dist\\esm\\production\\shared'
npm warn cleanup     }
npm warn cleanup   ],
npm warn cleanup   [
npm warn cleanup     '\\\\?\\C:\\Users\\zodyp\\Downloads\\OmniRoute-Unified\\repos\\OmniRoute\\node_modules\\eslint-plugin-react',
npm warn cleanup     [Error: EPERM: operation not permitted, rmdir 'C:\Users\zodyp\Downloads\OmniRoute-Unified\repos\OmniRoute\node_modules\eslint-plugin-react'] {
npm warn cleanup       errno: -4048,
npm warn cleanup       code: 'EPERM',
npm warn cleanup       syscall: 'rmdir',
npm warn cleanup       path: 'C:\\Users\\zodyp\\Downloads\\OmniRoute-Unified\\repos\\OmniRoute\\node_modules\\eslint-plugin-react'
npm warn cleanup     }
npm warn cleanup   ]
npm warn cleanup ]
npm error code ENOTEMPTY
npm error syscall rmdir
npm error path C:\Users\zodyp\Downloads\OmniRoute-Unified\repos\OmniRoute\node_modules\next\dist\export
npm error errno -4051
npm error ENOTEMPTY: directory not empty, rmdir 'C:\Users\zodyp\Downloads\OmniRoute-Unified\repos\OmniRoute\node_modules\next\dist\export'
npm error A complete log of this run can be found in: C:\Users\zodyp\AppData\Local\npm-cache\_logs\2026-09-06T16_47_22_802Z-debug-0.log
== EXIT=127 16:56:09Z ==
